<?xml version="1.0" encoding="UTF-8"?>
<testsuites>
  <testsuite name="Tests\Feature\SubscriptionTest" file="C:\wamp64\www\instagram-follows\Instagram-followers\app\tests\Feature\SubscriptionTest.php" tests="2" assertions="2" errors="0" failures="2" skipped="0" time="7.589087">
    <testcase name="test_unsubscribed_user_cannot_withdraw" file="C:\wamp64\www\instagram-follows\Instagram-followers\app\tests\Feature\SubscriptionTest.php" line="15" class="Tests\Feature\SubscriptionTest" classname="Tests.Feature.SubscriptionTest" assertions="1" time="6.183698">
      <failure type="PHPUnit\Framework\ExpectationFailedException">Tests\Feature\SubscriptionTest::test_unsubscribed_user_cannot_withdraw&#13;
Session is missing expected key [errors].
Failed asserting that false is true.
&#13;
C:\wamp64\www\instagram-follows\Instagram-followers\app\vendor\laravel\framework\src\Illuminate\Testing\TestResponseAssert.php:45
C:\wamp64\www\instagram-follows\Instagram-followers\app\vendor\laravel\framework\src\Illuminate\Testing\TestResponse.php:1540
C:\wamp64\www\instagram-follows\Instagram-followers\app\vendor\laravel\framework\src\Illuminate\Testing\TestResponse.php:1617
C:\wamp64\www\instagram-follows\Instagram-followers\app\tests\Feature\SubscriptionTest.php:47</failure>
    </testcase>
    <testcase name="test_subscribed_user_can_withdraw" file="C:\wamp64\www\instagram-follows\Instagram-followers\app\tests\Feature\SubscriptionTest.php" line="51" class="Tests\Feature\SubscriptionTest" classname="Tests.Feature.SubscriptionTest" assertions="1" time="1.405389">
      <failure type="PHPUnit\Framework\ExpectationFailedException">Tests\Feature\SubscriptionTest::test_subscribed_user_can_withdraw&#13;
Expected response status code [201, 301, 302, 303, 307, 308] but received 405.
Failed asserting that false is true.
&#13;
C:\wamp64\www\instagram-follows\Instagram-followers\app\vendor\laravel\framework\src\Illuminate\Testing\TestResponseAssert.php:45
C:\wamp64\www\instagram-follows\Instagram-followers\app\vendor\laravel\framework\src\Illuminate\Testing\TestResponse.php:199
C:\wamp64\www\instagram-follows\Instagram-followers\app\tests\Feature\SubscriptionTest.php:83</failure>
    </testcase>
  </testsuite>
</testsuites>
